{
    "foo": [
        {
            "id": "5",
            "name": "foo",
            "date": "2020-05-03"
        },
        {
            "id": "9",
            "name": "foo",
            "date": "2020-05-03"
        },
        {
            "id": "12",
            "name": "foo",
            "date": "2020-05-07"
        }
    ],
    "bar": [
        {
            "id": "1",
            "name": "bar",
            "date": "2020-03-21"
        }
    ],
    "boo": [
        {
            "id": "4",
            "name": "boo",
            "date": "2020-03-14"
        },
        {
            "id": "5",
            "name": "boo",
            "date": "2020-02-19"
        }
    ],
    "far": [
        {
            "id": "10",
            "name": "far",
            "date": "2020-04-30"
        }
    ]
}