{
    "foo": [
        {
            "date": "2020-05-03"
        },
        {
            "date": "2020-05-03"
        },
        {
            "date": "2020-05-07"
        }
    ],
    "bar": [
        {
            "date": "2020-03-21"
        }
    ],
    "boo": [
        {
            "date": "2020-03-14"
        },
        {
            "date": "2020-02-19"
        }
    ],
    "far": [
        {
            "date": "2020-04-30"
        }
    ]
}