[{
    "name": "foo",
    "id": "5"
}, {
    "name": "foo",
    "id": "9"
}, {
    "name": "bar",
    "id": "1"
}, {
    "name": "boo",
    "id": "4"
}, {
    "name": "foo",
    "id": "12"
}, {
    "name": "boo",
    "id": "5"
}, {
    "name": "far",
    "id": "10"
}]