Invalid aggregate: foo
Should be one of: name, id, date
