[{
    "name": "foo",
    "id": "5",
    "date": "2020-05-03"
}, {
    "name": "foo",
    "id": "9",
    "date": "2020-05-03"
}, {
    "name": "bar",
    "id": "1",
    "date": "2020-03-21"
}, {
    "name": "boo",
    "id": "4",
    "date": "2020-03-14"
}, {
    "name": "foo",
    "id": "12",
    "date": "2020-05-07"
}, {
    "name": "boo",
    "id": "5",
    "date": "2020-02-19"
}, {
    "name": "far",
    "id": "10",
    "date": "2020-04-30"
}]