[{
    "date": "2020-05-03",
    "id": "5"
}, {
    "date": "2020-05-03",
    "id": "9"
}, {
    "date": "2020-03-21",
    "id": "1"
}, {
    "date": "2020-03-14",
    "id": "4"
}, {
    "date": "2020-05-07",
    "id": "12"
}, {
    "date": "2020-02-19",
    "id": "5"
}, {
    "date": "2020-04-30",
    "id": "10"
}]